// Jest Snapshot v1, https://goo.gl/fbAQLP

exports[`<MainSelect /> should render correctly 1`] = `"<div class=\\"input-field col s12\\"><select name=\\"name\\"><option value=\\"\\" disabled=\\"\\" selected=\\"\\">Choose your option</option><option value=\\"value\\">text</option><option value=\\"value2\\">text2</option></select><label>Title</label></div>"`;
