// Jest Snapshot v1, https://goo.gl/fbAQLP

exports[`<MainInput /> should render correctly 1`] = `"<div class=\\"input-field col s12 active\\"><input type=\\"text\\" name=\\"test\\" id=\\"test\\" placeholder=\\"placeholder\\" class=\\"invalid\\"/><label for=\\"test\\">label</label><span class=\\"helper-text\\" data-error=\\"error\\">error</span></div>"`;
