// Jest Snapshot v1, https://goo.gl/fbAQLP

exports[`<MainInput /> should render correctly 1`] = `"<div class=\\"input-field col s12 active\\"><input type=\\"text\\" value=\\"value\\" name=\\"test\\" id=\\"test\\" required=\\"\\" placeholder=\\"placeholder\\" class=\\"\\"/><label for=\\"test\\">label</label></div>"`;
